  Building Custom Rule C:/Users/TOIMISTO/source/repos/EvaEngine/Editor/CMakeLists.txt
  EditorApp.cpp
C:\Users\TOIMISTO\source\repos\EvaEngine\EvaEngine\vendor\spdlog\include\spdlog\fmt\bundled\base.h(458,28): error C2338: Unicode support requires compiling with /utf-8
C:\Users\TOIMISTO\source\repos\EvaEngine\EvaEngine\source\Engine\Core\Core.h(26,1): fatal error C1189: #error:  Only Windows is supported!
  EditorLayer.cpp
C:\Users\TOIMISTO\source\repos\EvaEngine\EvaEngine\vendor\spdlog\include\spdlog\fmt\bundled\base.h(458,28): error C2338: Unicode support requires compiling with /utf-8
C:\Users\TOIMISTO\source\repos\EvaEngine\EvaEngine\source\Engine\Core\Core.h(26,1): fatal error C1189: #error:  Only Windows is supported!
  ContentBrowserPanel.cpp
C:\Users\TOIMISTO\source\repos\EvaEngine\EvaEngine\vendor\spdlog\include\spdlog\fmt\bundled\base.h(458,28): error C2338: Unicode support requires compiling with /utf-8
C:\Users\TOIMISTO\source\repos\EvaEngine\EvaEngine\source\Engine\Core\Core.h(26,1): fatal error C1189: #error:  Only Windows is supported!
  DebugPanel.cpp
C:\Users\TOIMISTO\source\repos\EvaEngine\EvaEngine\vendor\spdlog\include\spdlog\fmt\bundled\base.h(458,28): error C2338: Unicode support requires compiling with /utf-8
C:\Users\TOIMISTO\source\repos\EvaEngine\EvaEngine\source\Engine\Core\Core.h(26,1): fatal error C1189: #error:  Only Windows is supported!
  EffectsPanel.cpp
C:\Users\TOIMISTO\source\repos\EvaEngine\EvaEngine\vendor\spdlog\include\spdlog\fmt\bundled\base.h(458,28): error C2338: Unicode support requires compiling with /utf-8
C:\Users\TOIMISTO\source\repos\EvaEngine\EvaEngine\source\Engine\Core\Core.h(26,1): fatal error C1189: #error:  Only Windows is supported!
  SceneHierarchyPanel.cpp
C:\Users\TOIMISTO\source\repos\EvaEngine\EvaEngine\vendor\spdlog\include\spdlog\fmt\bundled\base.h(458,28): error C2338: Unicode support requires compiling with /utf-8
C:\Users\TOIMISTO\source\repos\EvaEngine\EvaEngine\source\Engine\Core\Core.h(26,1): fatal error C1189: #error:  Only Windows is supported!
  TileEditorPanel.cpp
C:\Users\TOIMISTO\source\repos\EvaEngine\EvaEngine\vendor\spdlog\include\spdlog\fmt\bundled\base.h(458,28): error C2338: Unicode support requires compiling with /utf-8
C:\Users\TOIMISTO\source\repos\EvaEngine\EvaEngine\source\Engine\Core\Core.h(26,1): fatal error C1189: #error:  Only Windows is supported!
  EditorDebugUtils.cpp
C:\Users\TOIMISTO\source\repos\EvaEngine\EvaEngine\source\Engine/Scene/Entity.h(2,10): fatal error C1083: Cannot open include file: 'entt.hpp': No such file or directory
  EditorUtils.cpp
C:\Users\TOIMISTO\source\repos\EvaEngine\EvaEngine\source\Engine/Scene/Entity.h(2,10): fatal error C1083: Cannot open include file: 'entt.hpp': No such file or directory
  Generating Code...
