  Building Custom Rule C:/Users/TOIMISTO/source/repos/EvaEngine/Game/CMakeLists.txt
  PixelGame.cpp
C:\Users\TOIMISTO\source\repos\EvaEngine\EvaEngine\vendor\spdlog\include\spdlog\fmt\bundled\base.h(458,28): error C2338: Unicode support requires compiling with /utf-8
C:\Users\TOIMISTO\source\repos\EvaEngine\EvaEngine\source\Engine\Core\Core.h(26,1): fatal error C1189: #error:  Only Windows is supported!
  SandboxApp.cpp
C:\Users\TOIMISTO\source\repos\EvaEngine\EvaEngine\vendor\spdlog\include\spdlog\fmt\bundled\base.h(458,28): error C2338: Unicode support requires compiling with /utf-8
C:\Users\TOIMISTO\source\repos\EvaEngine\EvaEngine\source\Engine/Core/Core.h(26,1): fatal error C1189: #error:  Only Windows is supported!
  PlayerCollisionSystem.cpp
C:\Users\TOIMISTO\source\repos\EvaEngine\EvaEngine\vendor\spdlog\include\spdlog\fmt\bundled\base.h(458,28): error C2338: Unicode support requires compiling with /utf-8
C:\Users\TOIMISTO\source\repos\EvaEngine\EvaEngine\source\Engine/Core/Core.h(26,1): fatal error C1189: #error:  Only Windows is supported!
  VehicleCollisionSystem.cpp
C:\Users\TOIMISTO\source\repos\EvaEngine\EvaEngine\vendor\spdlog\include\spdlog\fmt\bundled\base.h(458,28): error C2338: Unicode support requires compiling with /utf-8
C:\Users\TOIMISTO\source\repos\EvaEngine\EvaEngine\source\Engine/Core/Core.h(26,1): fatal error C1189: #error:  Only Windows is supported!
  HealthSystem.cpp
C:\Users\TOIMISTO\source\repos\EvaEngine\EvaEngine\vendor\spdlog\include\spdlog\fmt\bundled\base.h(458,28): error C2338: Unicode support requires compiling with /utf-8
C:\Users\TOIMISTO\source\repos\EvaEngine\EvaEngine\source\Engine/Core/Core.h(26,1): fatal error C1189: #error:  Only Windows is supported!
  PlayerWeaponSystem.cpp
C:\Users\TOIMISTO\source\repos\EvaEngine\EvaEngine\vendor\spdlog\include\spdlog\fmt\bundled\base.h(458,28): error C2338: Unicode support requires compiling with /utf-8
C:\Users\TOIMISTO\source\repos\EvaEngine\EvaEngine\source\Engine/Core/Core.h(26,1): fatal error C1189: #error:  Only Windows is supported!
  ProjectileSystem.cpp
C:\Users\TOIMISTO\source\repos\EvaEngine\EvaEngine\vendor\spdlog\include\spdlog\fmt\bundled\base.h(458,28): error C2338: Unicode support requires compiling with /utf-8
C:\Users\TOIMISTO\source\repos\EvaEngine\EvaEngine\source\Engine/Core/Core.h(26,1): fatal error C1189: #error:  Only Windows is supported!
  NPCAIVisionSystem.cpp
C:\Users\TOIMISTO\source\repos\EvaEngine\EvaEngine\vendor\spdlog\include\spdlog\fmt\bundled\base.h(458,28): error C2338: Unicode support requires compiling with /utf-8
C:\Users\TOIMISTO\source\repos\EvaEngine\EvaEngine\source\Engine/Core/Core.h(26,1): fatal error C1189: #error:  Only Windows is supported!
  NpcAIMovementSystem.cpp
C:\Users\TOIMISTO\source\repos\EvaEngine\EvaEngine\source\Engine/Scene/Scene.h(3,10): fatal error C1083: Cannot open include file: 'entt.hpp': No such file or directory
  PlayerCameraSystem.cpp
C:\Users\TOIMISTO\source\repos\EvaEngine\EvaEngine\source\Engine/Scene/Scene.h(3,10): fatal error C1083: Cannot open include file: 'entt.hpp': No such file or directory
  CharacterControllerSystem.cpp
C:\Users\TOIMISTO\source\repos\EvaEngine\EvaEngine\vendor\spdlog\include\spdlog\fmt\bundled\base.h(458,28): error C2338: Unicode support requires compiling with /utf-8
C:\Users\TOIMISTO\source\repos\EvaEngine\EvaEngine\source\Engine/Core/Core.h(26,1): fatal error C1189: #error:  Only Windows is supported!
  PlayerMovementSystem.cpp
C:\Users\TOIMISTO\source\repos\EvaEngine\EvaEngine\vendor\spdlog\include\spdlog\fmt\bundled\base.h(458,28): error C2338: Unicode support requires compiling with /utf-8
C:\Users\TOIMISTO\source\repos\EvaEngine\EvaEngine\source\Engine/Core/Core.h(26,1): fatal error C1189: #error:  Only Windows is supported!
  VehicleSystem.cpp
C:\Users\TOIMISTO\source\repos\EvaEngine\EvaEngine\source\Engine/Scene/Scene.h(3,10): fatal error C1083: Cannot open include file: 'entt.hpp': No such file or directory
  Generating Code...
